(
    highway in (pedestrian,steps,corridor) or
    (
        highway=footway and
        (
    (
        foot in (designated,official) or
        foot!=*
    ) or
    (
        footway in (access_aisle,alley,residential,link,path) or
        footway!=*
    )
    )
    ) or
    (
        highway=path and
        (
    (
        foot in (designated,official) or
        foot!=*
    ) or
    (
        footway in (access_aisle,alley,residential,link,path) or
        footway!=*
    )
    )
    )
    ) and not
    (
    footway in (separate,no) or
    sidewalk=separate or
    sidewalk:left=separate or
    sidewalk:right=separate or
    sidewalk:both=separate or
    access in (no,private,permit,military,delivery,customers) or
    foot in (no,private,use_sidepath,discouraged,destination)
    )
