geometry:polygon and (highway=* or route=ferry or railway=platform or (waterway=lock_gate and foot in (yes, designated, official, permissive))) and not (footway=separate or sidewalk=separate or sidewalk:both=separate or (sidewalk:right=separate and sidewalk:left=separate) or (sidewalk:right=separate and sidewalk:left=no) or (sidewalk:right=no and sidewalk:left=separate))
