{'bbox': [8.772968, 49.376011, 8.773085, 49.376161], 'routes': [{'summary': {'distance': 18.7, 'duration': 13.5}, 'segments': [{'distance': 18.7, 'duration': 13.5, 'steps': [{'distance': 18.7, 'duration': 13.5, 'type': 11, 'instruction': 'Head northeast on Schulstraße', 'name': 'Schulstraße', 'way_points': [0, 1]}, {'distance': 0.0, 'duration': 0.0, 'type': 10, 'instruction': 'Arrive at Schulstraße, straight ahead', 'name': '-', 'way_points': [1, 1]}]}], 'bbox': [8.772968, 49.376011, 8.773085, 49.376161]}], 'metadata': {'attribution': 'openrouteservice.org | OpenStreetMap contributors', 'service': 'routing', 'timestamp': 1747053165496, 'query': {'coordinates': [[8.773, 49.376], [8.773085, 49.376161]], 'profile': 'foot-walking', 'profileName': 'foot-walking', 'format': 'json'}, 'engine': {'version': '9.1.2', 'build_date': '2025-04-10T21:25:30Z', 'graph_date': '2025-04-29T17:55:38Z'}}}
