                 distance  detour_factor
id                                      
8a1faad69927fff    247.68         1.6512
8a1faad6992ffff    247.68         1.6512
