    distance  detour_factor
id                         
a       90.6          0.604
b        inf            inf
c        inf            inf
d        inf            inf
e       90.6          0.604
