{
    "id":{
        "0":"8a1faa996bb7fff",
        "1":"8a1faa9968effff",
        "2":"8a1faa99684ffff",
        "3":"8a1faa996847fff",
        "4":"8a1faa9968effff",
        "5":"8a1faa9968c7fff"
    },
    "spur_id":{
        "0":"ij:0",
        "1":"ij:0",
        "2":"ij:2",
        "3":"ij:2",
        "4":"ij:5",
        "5":"ij:7"
    },
    "ordinal":{
        "0":0,
        "1":1,
        "2":0,
        "3":1,
        "4":0,
        "5":0
    }
}
