{"type": "FeatureCollection", "features": [{"id": "0", "type": "Feature", "properties": {"value": 0.0}, "geometry": {"type": "Point", "coordinates": [12.3, 48.22]}}]}
